../Src/serial.c:110:6:serialRegisterStreams	8	static
../Src/serial.c:224:13:serialClaimPort	24	static
../Src/serial.c:248:17:serialRxFree	16	static
../Src/serial.c:258:17:serialRxCount	16	static
../Src/serial.c:268:6:serialRxFlush	4	static
../Src/serial.c:276:13:serialRxCancel	4	static
../Src/serial.c:286:13:serialPutC	24	static
../Src/serial.c:305:13:serialWriteS	24	static
../Src/serial.c:317:13:serialWrite	24	static
../Src/serial.c:328:13:serialTxFlush	4	static
../Src/serial.c:337:17:serialTxCount	16	static
../Src/serial.c:347:16:serialGetC	16	static
../Src/serial.c:360:13:serialSuspendInput	16	static
../Src/serial.c:365:13:serialSetBaudRate	24	static
../Src/serial.c:374:13:serialDisable	16	static
../Src/serial.c:384:13:serialEnqueueRtCommand	16	static
../Src/serial.c:389:37:serialSetRtHandler	24	static
../Src/serial.c:402:20:serialInit	40	static
../Src/serial.c:464:6:USART1_IRQHandler	16	static
