../grbl/gcode.c:136:21:hypot_f	24	static
../grbl/gcode.c:141:20:motion_is_lasercut	16	static
../grbl/gcode.c:146:17:gc_get_state	4	static
../grbl/gcode.c:151:13:set_scaling	32	static
../grbl/gcode.c:169:8:gc_get_scaling	4	static
../grbl/gcode.c:174:16:gc_get_g51_state	16	static
../grbl/gcode.c:189:7:gc_get_offset	16	static
../grbl/gcode.c:194:21:gc_get_block_offset	16	static
../grbl/gcode.c:199:6:gc_set_tool_offset	40	static
../grbl/gcode.c:238:10:gc_get_plane_data	16	static
../grbl/gcode.c:263:6:gc_init	40	static
../grbl/gcode.c:324:6:gc_laser_ppi_enable	16	static
../grbl/gcode.c:331:6:gc_spindle_off	8	static
../grbl/gcode.c:340:6:gc_coolant_off	8	static
../grbl/gcode.c:347:17:gc_spindle_get	4	static
../grbl/gcode.c:352:21:tool_get_pending	16	static
../grbl/gcode.c:365:20:tool_set	16	static
../grbl/gcode.c:374:13:add_output_command	24	static
../grbl/gcode.c:395:22:init_sync_motion	32	static
../grbl/gcode.c:423:13:output_message	16	static
../grbl/gcode.c:488:7:gc_normalize_block	40	static
../grbl/gcode.c:626:15:gc_execute_block	328	static
