../grbl/motion_control.c:78:6:mc_line	32	static
../grbl/motion_control.c:209:6:mc_arc	184	static
../grbl/motion_control.c:401:21:interp	32	static
../grbl/motion_control.c:412:21:eval_bezier	48	static
../grbl/motion_control.c:427:21:dist1	32	static
../grbl/motion_control.c:472:6:mc_cubic_b_spline	120	static
../grbl/motion_control.c:562:6:mc_canned_drill	40	static
../grbl/motion_control.c:648:21:calc_thread_doc	24	static
../grbl/motion_control.c:660:6:mc_thread	80	static
../grbl/motion_control.c:778:15:mc_jog_execute	24	static
../grbl/motion_control.c:810:6:mc_dwell	16	static
../grbl/motion_control.c:821:15:mc_homing_cycle	40	static
../grbl/motion_control.c:973:12:mc_probe_cycle	64	static
../grbl/motion_control.c:1085:6:mc_parking_motion	24	static
../grbl/motion_control.c:1103:6:mc_override_ctrl_update	16	static
../grbl/motion_control.c:1116:15:mc_reset	8	static
