../grbl/ngc_params.c:69:14:_relative_pos	32	static
../grbl/ngc_params.c:85:14:probe_coord	40	static
../grbl/ngc_params.c:101:14:scaling_factors	24	static
../grbl/ngc_params.c:109:14:probe_result	16	static
../grbl/ngc_params.c:121:14:m66_result	16	static
../grbl/ngc_params.c:126:14:tool_number	16	static
../grbl/ngc_params.c:131:14:tool_offset	24	static
../grbl/ngc_params.c:138:14:g28_home	40	static
../grbl/ngc_params.c:150:14:g30_home	40	static
../grbl/ngc_params.c:168:14:coord_system	16	static
../grbl/ngc_params.c:173:14:coord_system_offset	40	static
../grbl/ngc_params.c:187:14:g92_offset_applied	16	static
../grbl/ngc_params.c:192:14:g92_offset	24	static
../grbl/ngc_params.c:199:14:work_position	24	static
../grbl/ngc_params.c:234:6:ngc_param_get	32	static
../grbl/ngc_params.c:259:6:ngc_param_is_rw	16	static
../grbl/ngc_params.c:264:6:ngc_param_exists	16	static
../grbl/ngc_params.c:269:6:ngc_param_set	40	static
../grbl/ngc_params.c:355:7:ngc_named_param_get_by_id	24	static
../grbl/ngc_params.c:539:6:ngc_named_param_get	40	static
../grbl/ngc_params.c:570:6:ngc_named_param_exists	40	static
../grbl/ngc_params.c:607:6:ngc_named_param_set	48	static
