../grbl/spindle_control.c:60:13:spindle_activate	88	static
../grbl/spindle_control.c:142:14:spindle_register	16	static
../grbl/spindle_control.c:174:15:spindle_enable	24	static
../grbl/spindle_control.c:191:6:spindle_select	16	static
../grbl/spindle_control.c:212:17:spindle_get_hal	24	static
../grbl/spindle_control.c:235:14:spindle_get_default	4	static
../grbl/spindle_control.c:244:15:spindle_get_caps	24	static
../grbl/spindle_control.c:261:13:spindle_get_name	16	static
../grbl/spindle_control.c:271:6:spindle_update_caps	24	static
../grbl/spindle_control.c:293:9:spindle_get_count	8	static
../grbl/spindle_control.c:301:22:spindle_get_num	32	static
../grbl/spindle_control.c:324:6:spindle_enumerate_spindles	40	static
../grbl/spindle_control.c:354:6:spindle_is_enabled	16	static
../grbl/spindle_control.c:368:17:spindle_get	16	static
../grbl/spindle_control.c:379:13:null_set_state	24	static
../grbl/spindle_control.c:386:24:null_get_state	16	static
../grbl/spindle_control.c:394:13:null_update_pwm	16	static
../grbl/spindle_control.c:400:22:null_get_pwm	16	static
../grbl/spindle_control.c:408:13:null_update_rpm	16	static
../grbl/spindle_control.c:418:14:spindle_add_null	16	static
../grbl/spindle_control.c:454:6:spindle_set_override	24	static
../grbl/spindle_control.c:491:13:set_state	32	static
../grbl/spindle_control.c:524:6:spindle_set_state	24	static
../grbl/spindle_control.c:537:6:spindle_sync	32	static
../grbl/spindle_control.c:573:6:spindle_restore	40	static
../grbl/spindle_control.c:609:7:spindle_set_rpm	24	static
../grbl/spindle_control.c:630:6:spindle_all_off	16	static
../grbl/spindle_control.c:653:6:spindle_is_on	24	static
../grbl/spindle_control.c:676:29:invert_pwm	16	static
../grbl/spindle_control.c:690:22:spindle_compute_pwm_value	32	static
../grbl/spindle_control.c:730:22:compute_dummy_pwm_value	24	static
../grbl/spindle_control.c:741:6:spindle_precompute_pwm_values	32	static
