../grbl/state_machine.c:77:13:state_spindle_restore	16	static
../grbl/state_machine.c:83:13:state_spindle_set_state	16	static
../grbl/state_machine.c:89:13:state_restore_conditions	32	static
../grbl/state_machine.c:114:13:enter_sleep	8	static
../grbl/state_machine.c:123:13:initiate_hold	40	static
../grbl/state_machine.c:187:6:state_door_reopened	4	static
../grbl/state_machine.c:192:6:state_update	16	static
../grbl/state_machine.c:200:22:state_get	4	static
../grbl/state_machine.c:205:9:state_get_substate	16	static
../grbl/state_machine.c:235:6:state_set	32	static
../grbl/state_machine.c:353:6:state_suspend_manager	8	static
../grbl/state_machine.c:394:13:state_noop	16	static
../grbl/state_machine.c:401:13:state_idle	16	static
../grbl/state_machine.c:420:13:state_cycle	16	static
../grbl/state_machine.c:444:13:state_await_toolchanged	16	static
../grbl/state_machine.c:467:13:state_await_motion_cancel	16	static
../grbl/state_machine.c:485:13:state_await_hold	32	static
../grbl/state_machine.c:594:13:state_await_resume	48	static
../grbl/state_machine.c:699:13:state_await_restart_retract	16	static
../grbl/state_machine.c:716:13:restart_retract	8	static
../grbl/state_machine.c:736:13:state_await_waypoint_retract	32	static
../grbl/state_machine.c:777:13:state_restore	24	static
../grbl/state_machine.c:832:13:state_await_resumed	16	static
