../grbl/system.c:41:21:hypot_f	24	static
../grbl/system.c:51:15:control_interrupt_handler	24	static
../grbl/system.c:106:6:system_execute_startup	88	static
../grbl/system.c:122:22:read_int	32	static
../grbl/system.c:142:22:spindle_reset_data	24	static
../grbl/system.c:152:22:jog	16	static
../grbl/system.c:165:22:enumerate_alarms	16	static
../grbl/system.c:170:22:enumerate_alarms_grblformatted	16	static
../grbl/system.c:175:22:enumerate_errors	16	static
../grbl/system.c:180:22:enumerate_errors_grblformatted	16	static
../grbl/system.c:185:22:enumerate_groups	16	static
../grbl/system.c:190:22:enumerate_settings	16	static
../grbl/system.c:195:22:enumerate_settings_grblformatted	16	static
../grbl/system.c:200:22:enumerate_settings_halformatted	16	static
../grbl/system.c:205:22:enumerate_all	16	static
../grbl/system.c:213:22:enumerate_pins	16	static
../grbl/system.c:218:22:output_settings	24	static
../grbl/system.c:241:22:output_setting_description	24	static
../grbl/system.c:257:22:output_all_settings	24	static
../grbl/system.c:274:22:output_parser_state	16	static
../grbl/system.c:282:22:toggle_single_block	16	static
../grbl/system.c:290:22:toggle_block_delete	16	static
../grbl/system.c:298:22:toggle_optional_stop	16	static
../grbl/system.c:306:22:check_mode	16	static
../grbl/system.c:323:22:disable_lock	32	static
../grbl/system.c:357:22:output_help	16	static
../grbl/system.c:362:22:enumerate_spindles	16	static
../grbl/system.c:367:22:enumerate_spindles_mr	16	static
../grbl/system.c:372:22:go_home	24	static
../grbl/system.c:420:22:home	16	static
../grbl/system.c:425:22:home_x	16	static
../grbl/system.c:430:22:home_y	16	static
../grbl/system.c:435:22:home_z	16	static
../grbl/system.c:475:22:enter_sleep	16	static
../grbl/system.c:487:22:set_tool_reference	24	static
../grbl/system.c:510:22:tool_probe_workpiece	16	static
../grbl/system.c:515:22:output_ngc_parameters	24	static
../grbl/system.c:532:22:build_info	88	static
../grbl/system.c:552:22:output_all_build_info	88	static
../grbl/system.c:562:22:settings_reset	24	static
../grbl/system.c:610:22:output_startup_lines	96	static
../grbl/system.c:630:22:set_startup_line	32	static
../grbl/system.c:651:22:set_startup_line0	16	static
../grbl/system.c:656:22:set_startup_line1	16	static
../grbl/system.c:661:22:rtc_action	24	static
../grbl/system.c:772:6:system_command_help	16	static
../grbl/system.c:863:15:system_execute_line	72	static
../grbl/system.c:958:6:system_flag_wco_change	8	static
../grbl/system.c:976:6:system_convert_array_steps_to_mpos	16	static
../grbl/system.c:994:6:system_xy_at_fixture	56	static
../grbl/system.c:1011:6:system_raise_alarm	16	static
../grbl/system.c:1032:25:system_get_rt_report_flags	4	static
../grbl/system.c:1042:6:system_add_rt_report	16	static
