../grbl/vfs.c:35:20:fs_open	16	static
../grbl/vfs.c:40:13:fs_close	16	static
../grbl/vfs.c:44:15:fs_read	24	static
../grbl/vfs.c:49:15:fs_write	24	static
../grbl/vfs.c:54:15:fs_tell	16	static
../grbl/vfs.c:59:12:fs_seek	16	static
../grbl/vfs.c:64:13:fs_eof	16	static
../grbl/vfs.c:69:12:fs_unlink	16	static
../grbl/vfs.c:74:12:fs_dirop	16	static
../grbl/vfs.c:79:19:fs_opendir	16	static
../grbl/vfs.c:84:13:fs_closedir	16	static
../grbl/vfs.c:88:12:fs_stat	16	static
../grbl/vfs.c:93:12:fs_chdir	16	static
../grbl/vfs.c:98:14:fs_getcwd	16	static
../grbl/vfs.c:135:7:vfs_fixpath	24	static
../grbl/vfs.c:144:28:path_is_mount_dir	32	static
../grbl/vfs.c:163:21:get_mount	32	static
../grbl/vfs.c:188:20:get_filename	24	static
../grbl/vfs.c:197:13:vfs_open	32	static
../grbl/vfs.c:208:6:vfs_close	16	static
../grbl/vfs.c:215:8:vfs_read	32	static
../grbl/vfs.c:222:8:vfs_write	32	static
../grbl/vfs.c:229:5:vfs_puts	32	static
../grbl/vfs.c:241:8:vfs_tell	16	static
../grbl/vfs.c:248:5:vfs_seek	16	static
../grbl/vfs.c:255:6:vfs_eof	16	static
../grbl/vfs.c:262:5:vfs_rename	32	static
../grbl/vfs.c:269:5:vfs_unlink	32	static
../grbl/vfs.c:276:5:vfs_mkdir	32	static
../grbl/vfs.c:283:5:vfs_rmdir	32	static
../grbl/vfs.c:290:5:vfs_chdir	32	static
../grbl/vfs.c:330:12:vfs_opendir	48	static
../grbl/vfs.c:360:15:vfs_readdir	24	static
../grbl/vfs.c:386:6:vfs_closedir	24	static
../grbl/vfs.c:399:7:vfs_getcwd	24	static
../grbl/vfs.c:414:5:vfs_stat	32	static
../grbl/vfs.c:442:5:vfs_utime	32	static
../grbl/vfs.c:449:13:vfs_fgetfree	24	static
../grbl/vfs.c:461:6:vfs_mount	40	static
../grbl/vfs.c:492:6:vfs_unmount	24	static
../grbl/vfs.c:522:14:vfs_get_drive	24	static
../grbl/vfs.c:536:15:vfs_drives_open	16	static
../grbl/vfs.c:560:14:vfs_drives_read	24	static
../grbl/vfs.c:585:6:vfs_drives_close	16	static
../grbl/vfs.c:590:13:vfs_drive_getfree	24	static
../grbl/vfs.c:599:5:vfs_drive_format	24	static
